// Jest Snapshot v1, https://goo.gl/fbAQLP

exports[`Given a <Slider /> component should invert range label if inverted value is true 1`] = `
{
  "asFragment": [Function],
  "baseElement": <body>
    <div>
      <div
        class="lapo--c-lesPJm lapo--c-dhzjXW lapo--c-lesPJm-igAUidj-css lapo--c-jJvGnk lapo--c-jJvGnk-dJfSKz-orientation-horizontal"
      >
        <span
          aria-disabled="false"
          class="lapo--c-gVJsmb"
          data-orientation="horizontal"
          dir="ltr"
          id="sliderId123"
          style="--radix-slider-thumb-transform: translateX(-50%);"
        >
          <span
            class="lapo--c-EMfmZ"
            data-orientation="horizontal"
          >
            <span
              class="lapo--c-fQqFYj"
              data-orientation="horizontal"
              style="right: 0%; left: 100%;"
            />
          </span>
          <span
            style="transform: var(--radix-slider-thumb-transform); position: absolute; right: calc(0% + 0px);"
          >
            <span
              aria-label="Slider 0"
              aria-orientation="horizontal"
              aria-valuemax="100"
              aria-valuemin="0"
              aria-valuenow="0"
              class="lapo--c-lcUwFu"
              data-orientation="horizontal"
              data-radix-collection-item=""
              role="slider"
              style=""
              tabindex="0"
            >
              <span
                class="lapo--c-jNLug lapo--c-cLMHMJ lapo--c-jNLug-bkzKcy-variant-body2 lapo--c-jNLug-ewLzLC-color-grayColoredHighContrast"
              >
                0
              </span>
            </span>
          </span>
        </span>
      </div>
    </div>
  </body>,
  "container": <div>
    <div
      class="lapo--c-lesPJm lapo--c-dhzjXW lapo--c-lesPJm-igAUidj-css lapo--c-jJvGnk lapo--c-jJvGnk-dJfSKz-orientation-horizontal"
    >
      <span
        aria-disabled="false"
        class="lapo--c-gVJsmb"
        data-orientation="horizontal"
        dir="ltr"
        id="sliderId123"
        style="--radix-slider-thumb-transform: translateX(-50%);"
      >
        <span
          class="lapo--c-EMfmZ"
          data-orientation="horizontal"
        >
          <span
            class="lapo--c-fQqFYj"
            data-orientation="horizontal"
            style="right: 0%; left: 100%;"
          />
        </span>
        <span
          style="transform: var(--radix-slider-thumb-transform); position: absolute; right: calc(0% + 0px);"
        >
          <span
            aria-label="Slider 0"
            aria-orientation="horizontal"
            aria-valuemax="100"
            aria-valuemin="0"
            aria-valuenow="0"
            class="lapo--c-lcUwFu"
            data-orientation="horizontal"
            data-radix-collection-item=""
            role="slider"
            style=""
            tabindex="0"
          >
            <span
              class="lapo--c-jNLug lapo--c-cLMHMJ lapo--c-jNLug-bkzKcy-variant-body2 lapo--c-jNLug-ewLzLC-color-grayColoredHighContrast"
            >
              0
            </span>
          </span>
        </span>
      </span>
    </div>
  </div>,
  "debug": [Function],
  "findAllByAltText": [Function],
  "findAllByDisplayValue": [Function],
  "findAllByLabelText": [Function],
  "findAllByPlaceholderText": [Function],
  "findAllByRole": [Function],
  "findAllByTestId": [Function],
  "findAllByText": [Function],
  "findAllByTitle": [Function],
  "findByAltText": [Function],
  "findByDisplayValue": [Function],
  "findByLabelText": [Function],
  "findByPlaceholderText": [Function],
  "findByRole": [Function],
  "findByTestId": [Function],
  "findByText": [Function],
  "findByTitle": [Function],
  "getAllByAltText": [Function],
  "getAllByDisplayValue": [Function],
  "getAllByLabelText": [Function],
  "getAllByPlaceholderText": [Function],
  "getAllByRole": [Function],
  "getAllByTestId": [Function],
  "getAllByText": [Function],
  "getAllByTitle": [Function],
  "getByAltText": [Function],
  "getByDisplayValue": [Function],
  "getByLabelText": [Function],
  "getByPlaceholderText": [Function],
  "getByRole": [Function],
  "getByTestId": [Function],
  "getByText": [Function],
  "getByTitle": [Function],
  "queryAllByAltText": [Function],
  "queryAllByDisplayValue": [Function],
  "queryAllByLabelText": [Function],
  "queryAllByPlaceholderText": [Function],
  "queryAllByRole": [Function],
  "queryAllByTestId": [Function],
  "queryAllByText": [Function],
  "queryAllByTitle": [Function],
  "queryByAltText": [Function],
  "queryByDisplayValue": [Function],
  "queryByLabelText": [Function],
  "queryByPlaceholderText": [Function],
  "queryByRole": [Function],
  "queryByTestId": [Function],
  "queryByText": [Function],
  "queryByTitle": [Function],
  "rerender": [Function],
  "unmount": [Function],
}
`;
